Optimizing Linkage Editor (V.10.02.00.000)        11-Dec-2019 16:54:26

*** Options ***

-library=C:\Work\EIGENE~1\FH\1735D~1.SEM\AUTONO~1\SAMPLE~1\KIT12_~1\KIT12_~1\Debug\kit12_rx62t.lib
-noprelink
-list=kit12_rx62t.map
-nooptimize
-start=B_1,R_1,B_2,R_2,B,R,SU,SI/01000,PResetPRG/0FFFF8000,C_1,C_2,C,C$*,D*,P,PIntPRG,W*/0FFFF8100,FIXEDVECT/0FFFFFFD0
-nologo
-nomessage
-rom=D=R,D_1=R_1,D_2=R_2
-output=C:\Work\Eigene Dateien\FH\1. Semester\Autonomes Fahren\Sample Code\kit12_rx62t\kit12_rx62t\Debug\kit12_rx62t.abs
-subcommand=C:/Work/Eigene Dateien/FH/1. Semester/Autonomes Fahren/Sample Code/kit12_rx62t/kit12_rx62t\Debug\LinkerSubCommand.tmp
-input="./dbsct.obj"
-input="./hwsetup.obj"
-input="./intprg.obj"
-input="./kit12_rx62t.obj"
-input="./resetprg.obj"
-input="./sbrk.obj"
-input="./vecttbl.obj"

*** Error information ***

*** Mapping List ***

SECTION                            START      END         SIZE   ALIGN

B_1
                                  00001000  00001000         0   1
R_1
                                  00001000  00001000         0   1
B_2
                                  00001000  00001000         0   2
R_2
                                  00001000  00001000         0   2
B
                                  00001000  0000141f       420   4
R
                                  00001420  00001423         4   4
SU
                                  00001424  00001723       300   4
SI
                                  00001724  00001823       100   4
PResetPRG
                                  ffff8000  ffff8033        34   4
C_1
                                  ffff8100  ffff8100         0   1
C_2
                                  ffff8100  ffff8100         0   2
C
                                  ffff8100  ffff81ef        f0   4
C$DSEC
                                  ffff81f0  ffff8213        24   4
C$BSEC
                                  ffff8214  ffff822b        18   4
C$VECT
                                  ffff822c  ffff862b       400   4
D
                                  ffff862c  ffff862f         4   4
D_2
                                  ffff8630  ffff8630         0   2
D_1
                                  ffff8630  ffff8630         0   1
P
                                  ffff8630  ffff9110       ae1   4
PIntPRG
                                  ffff9111  ffff911f         f   1
W_1
                                  ffff9120  ffff9120         0   4
W_2
                                  ffff9120  ffff9120         0   2
W
                                  ffff9120  ffff9120         0   4
FIXEDVECT
                                  ffffffd0  ffffffff        30   4
